
> thecall@0.1.0 build
> prisma generate && next build

node.exe : Loaded Prisma config from 
prisma.config.ts.
Au caractère C:\Program 
Files\nodejs\npm.ps1:29 : 3
+   & $NODE_EXE $NPM_CLI_JS $args
+   ~~~~~~~~~~~~~~~~~~~~~~~~~~~~~
    + CategoryInfo          : NotSpecified: 
(Loa    ded Prisma c...isma.config.ts.:String) 
[], R    emoteException
    + FullyQualifiedErrorId : 
NativeCommandError
 

Prisma schema loaded from prisma\schema.prisma.

Ô£ö Generated Prisma Client (7.2.0) to .\lib\generated\prisma in 53ms

   Ôû▓ Next.js 16.0.10 (Turbopack)
   - Environments: .env.local

 ÔÜá The "middleware" file convention is 
deprecated. Please use "proxy" instead. Learn 
more: https://nextjs.org/docs/messages/middlewa
re-to-proxy
   Creating an optimized production build ...

> Build error occurred
Error: Turbopack build failed with 8 errors:
./components/NavbarWrapper.tsx:4:1
Ecmascript file had an error
[0m [90m 2 |[39m
 [90m 3 |[39m [36mimport[39m { 
[33mSuspense[39m } [36mfrom[39m 
[32m"react"[39m[33m;[39m
[31m[1m>[22m[39m[90m 4 |[39m 
[36mimport[39m { cookies } [36mfrom[39m 
[32m"next/headers"[39m[33m;[39m
 [90m   |[39m [31m[1m^[22m[39m[31m[1m^
[22m[39m[31m[1m^[22m[39m[31m[1m^[22m[3
9m[31m[1m^[22m[39m[31m[1m^[22m[39m[31m
[1m^[22m[39m[31m[1m^[22m[39m[31m[1m^[
22m[39m[31m[1m^[22m[39m[31m[1m^[22m[39
m[31m[1m^[22m[39m[31m[1m^[22m[39m[31m
[1m^[22m[39m[31m[1m^[22m[39m[31m[1m^[2
2m[39m[31m[1m^[22m[39m[31m[1m^[22m[39m
[31m[1m^[22m[39m[31m[1m^[22m[39m[31m[
1m^[22m[39m[31m[1m^[22m[39m[31m[1m^[22
m[39m[31m[1m^[22m[39m[31m[1m^[22m[39m
[31m[1m^[22m[39m[31m[1m^[22m[39m[31m[1
m^[22m[39m[31m[1m^[22m[39m[31m[1m^[22m
[39m[31m[1m^[22m[39m[31m[1m^[22m[39m[
31m[1m^[22m[39m[31m[1m^[22m[39m[31m[1m
^[22m[39m[31m[1m^[22m[39m[31m[1m^[22m
[39m[31m[1m^[22m[39m[31m[1m^[22m[39m
 [90m 5 |[39m [36mimport[39m { 
[33mNavbar[39m } [36mfrom[39m 
[32m"./Navbar"[39m[33m;[39m
 [90m 6 |[39m [36mimport[39m { prisma } 
[36mfrom[39m 
[32m"@/lib/prisma"[39m[33m;[39m
 [90m 7 |[39m[0m

You're importing a component that needs 
"next/headers". That only works in a Server 
Component which is not supported in the pages/ 
directory. Read more: https://nextjs.org/docs/a
pp/building-your-application/rendering/server-c
omponents



Import traces:
  Server Component:
    ./components/NavbarWrapper.tsx
    ./app/page.tsx

  Client Component Browser:
    ./components/NavbarWrapper.tsx [Client 
Component Browser]
    ./app/privacy/page.tsx [Client Component 
Browser]
    ./app/privacy/page.tsx [Server Component]

  Client Component SSR:
    ./components/NavbarWrapper.tsx [Client 
Component SSR]
    ./app/privacy/page.tsx [Client Component 
SSR]
    ./app/privacy/page.tsx [Server Component]


./node_modules/pg/lib/connection-parameters.js:
3:13
Module not found: Can't resolve 'dns'
[0m [90m 1 |[39m [32m'use strict'[39m
 [90m 2 |[39m
[31m[1m>[22m[39m[90m 3 |[39m 
[36mconst[39m dns [33m=[39m 
require([32m'dns'[39m)
 [90m   |[39m             [31m[1m^[22m[39
m[31m[1m^[22m[39m[31m[1m^[22m[39m[31m
[1m^[22m[39m[31m[1m^[22m[39m[31m[1m^[2
2m[39m[31m[1m^[22m[39m[31m[1m^[22m[39m
[31m[1m^[22m[39m[31m[1m^[22m[39m[31m[
1m^[22m[39m[31m[1m^[22m[39m[31m[1m^[22
m[39m[31m[1m^[22m[39m
 [90m 4 |[39m
 [90m 5 |[39m [36mconst[39m defaults 
[33m=[39m require([32m'./defaults'[39m)
 [90m 6 |[39m[0m



Import trace:
  Client Component Browser:
    
./node_modules/pg/lib/connection-parameters.js 
[Client Component Browser]
    ./node_modules/pg/lib/client.js [Client 
Component Browser]
    ./node_modules/pg/lib/index.js [Client 
Component Browser]
    ./node_modules/pg/esm/index.mjs [Client 
Component Browser]
    ./lib/prisma.ts [Client Component Browser]
    ./components/NavbarWrapper.tsx [Client 
Component Browser]
    ./app/privacy/page.tsx [Client Component 
Browser]
    ./app/privacy/page.tsx [Server Component]

https://nextjs.org/docs/messages/module-not-fou
nd


./node_modules/pg-connection-string/index.js:84
:70
Module not found: Can't resolve 'fs'
[0m [90m 82 |[39m
 [90m 83 |[39m   [90m// Only try to load fs 
if we expect to read from the disk[39m
[31m[1m>[22m[39m[90m 84 |[39m   
[36mconst[39m fs [33m=[39m 
config[33m.[39msslcert [33m||[39m 
config[33m.[39msslkey [33m||[39m 
config[33m.[39msslrootcert [33m?[39m 
require([32m'fs'[39m) [33m:[39m 
[36mnull[39m
 [90m    |[39m                               
                                       [31m[1
m^[22m[39m[31m[1m^[22m[39m[31m[1m^[22m
[39m[31m[1m^[22m[39m[31m[1m^[22m[39m[
31m[1m^[22m[39m[31m[1m^[22m[39m[31m[1m
^[22m[39m[31m[1m^[22m[39m[31m[1m^[22m
[39m[31m[1m^[22m[39m[31m[1m^[22m[39m[3
1m[1m^[22m[39m
 [90m 85 |[39m
 [90m 86 |[39m   [36mif[39m 
(config[33m.[39msslcert) {
 [90m 87 |[39m     
config[33m.[39mssl[33m.[39mcert 
[33m=[39m fs[33m.[39mreadFileSync(config[3
3m.[39msslcert)[33m.[39mtoString()[0m



Import trace:
  Client Component Browser:
    
./node_modules/pg-connection-string/index.js 
[Client Component Browser]
    
./node_modules/pg/lib/connection-parameters.js 
[Client Component Browser]
    ./node_modules/pg/lib/client.js [Client 
Component Browser]
    ./node_modules/pg/lib/index.js [Client 
Component Browser]
    ./node_modules/pg/esm/index.mjs [Client 
Component Browser]
    ./lib/prisma.ts [Client Component Browser]
    ./components/NavbarWrapper.tsx [Client 
Component Browser]
    ./app/privacy/page.tsx [Client Component 
Browser]
    ./app/privacy/page.tsx [Server Component]

https://nextjs.org/docs/messages/module-not-fou
nd


./node_modules/pgpass/lib/index.js:4:10
Module not found: Can't resolve 'fs'
[0m [90m 2 |[39m
 [90m 3 |[39m [36mvar[39m path [33m=[39m 
require([32m'path'[39m)
[31m[1m>[22m[39m[90m 4 |[39m   
[33m,[39m fs [33m=[39m 
require([32m'fs'[39m)
 [90m   |[39m          [31m[1m^[22m[39m[
31m[1m^[22m[39m[31m[1m^[22m[39m[31m[1m
^[22m[39m[31m[1m^[22m[39m[31m[1m^[22m
[39m[31m[1m^[22m[39m[31m[1m^[22m[39m[3
1m[1m^[22m[39m[31m[1m^[22m[39m[31m[1m^
[22m[39m[31m[1m^[22m[39m[31m[1m^[22m[
39m
 [90m 5 |[39m   [33m,[39m helper 
[33m=[39m require([32m'./helper.js'[39m)
 [90m 6 |[39m [33m;[39m
 [90m 7 |[39m[0m



Import trace:
  Client Component Browser:
    ./node_modules/pgpass/lib/index.js [Client 
Component Browser]
    ./node_modules/pg/lib/client.js [Client 
Component Browser]
    ./node_modules/pg/lib/index.js [Client 
Component Browser]
    ./node_modules/pg/esm/index.mjs [Client 
Component Browser]
    ./lib/prisma.ts [Client Component Browser]
    ./components/NavbarWrapper.tsx [Client 
Component Browser]
    ./app/privacy/page.tsx [Client Component 
Browser]
    ./app/privacy/page.tsx [Server Component]

https://nextjs.org/docs/messages/module-not-fou
nd


./node_modules/pg/lib/connection.js:94:19
Module not found: Can't resolve 'net'
[0m [90m 92 |[39m       }
 [90m 93 |[39m
[31m[1m>[22m[39m[90m 94 |[39m       
[36mconst[39m net [33m=[39m 
require([32m'net'[39m)
 [90m    |[39m                   [31m[1m^[
22m[39m[31m[1m^[22m[39m[31m[1m^[22m[39
m[31m[1m^[22m[39m[31m[1m^[22m[39m[31m
[1m^[22m[39m[31m[1m^[22m[39m[31m[1m^[2
2m[39m[31m[1m^[22m[39m[31m[1m^[22m[39m
[31m[1m^[22m[39m[31m[1m^[22m[39m[31m[
1m^[22m[39m[31m[1m^[22m[39m
 [90m 95 |[39m       [36mif[39m 
(net[33m.[39misIP [33m&&[39m 
net[33m.[39misIP(host) [33m===[39m 
[35m0[39m) {
 [90m 96 |[39m         
options[33m.[39mservername [33m=[39m host
 [90m 97 |[39m       }[0m



Import trace:
  Client Component Browser:
    ./node_modules/pg/lib/connection.js 
[Client Component Browser]
    ./node_modules/pg/lib/index.js [Client 
Component Browser]
    ./node_modules/pg/esm/index.mjs [Client 
Component Browser]
    ./lib/prisma.ts [Client Component Browser]
    ./components/NavbarWrapper.tsx [Client 
Component Browser]
    ./app/privacy/page.tsx [Client Component 
Browser]
    ./app/privacy/page.tsx [Server Component]

https://nextjs.org/docs/messages/module-not-fou
nd


./node_modules/pg/lib/stream.js:22:17
Module not found: Can't resolve 'net'
[0m [90m 20 |[39m [36mfunction[39m 
getNodejsStreamFuncs() {
 [90m 21 |[39m   [36mfunction[39m 
getStream(ssl) {
[31m[1m>[22m[39m[90m 22 |[39m     
[36mconst[39m net [33m=[39m 
require([32m'net'[39m)
 [90m    |[39m                 [31m[1m^[22
m[39m[31m[1m^[22m[39m[31m[1m^[22m[39m
[31m[1m^[22m[39m[31m[1m^[22m[39m[31m[1
m^[22m[39m[31m[1m^[22m[39m[31m[1m^[22m
[39m[31m[1m^[22m[39m[31m[1m^[22m[39m[
31m[1m^[22m[39m[31m[1m^[22m[39m[31m[1m
^[22m[39m[31m[1m^[22m[39m
 [90m 23 |[39m     [36mreturn[39m 
[36mnew[39m net[33m.[39m[33mSocket[39m()
 [90m 24 |[39m   }
 [90m 25 |[39m[0m



Import trace:
  Client Component Browser:
    ./node_modules/pg/lib/stream.js [Client 
Component Browser]
    ./node_modules/pg/lib/connection.js 
[Client Component Browser]
    ./node_modules/pg/lib/index.js [Client 
Component Browser]
    ./node_modules/pg/esm/index.mjs [Client 
Component Browser]
    ./lib/prisma.ts [Client Component Browser]
    ./components/NavbarWrapper.tsx [Client 
Component Browser]
    ./app/privacy/page.tsx [Client Component 
Browser]
    ./app/privacy/page.tsx [Server Component]

https://nextjs.org/docs/messages/module-not-fou
nd


./node_modules/pg/lib/stream.js:27:17
Module not found: Can't resolve 'tls'
[0m [90m 25 |[39m
 [90m 26 |[39m   [36mfunction[39m 
getSecureStream(options) {
[31m[1m>[22m[39m[90m 27 |[39m     
[36mconst[39m tls [33m=[39m 
require([32m'tls'[39m)
 [90m    |[39m                 [31m[1m^[22
m[39m[31m[1m^[22m[39m[31m[1m^[22m[39m
[31m[1m^[22m[39m[31m[1m^[22m[39m[31m[1
m^[22m[39m[31m[1m^[22m[39m[31m[1m^[22m
[39m[31m[1m^[22m[39m[31m[1m^[22m[39m[
31m[1m^[22m[39m[31m[1m^[22m[39m[31m[1m
^[22m[39m[31m[1m^[22m[39m
 [90m 28 |[39m     [36mreturn[39m 
tls[33m.[39mconnect(options)
 [90m 29 |[39m   }
 [90m 30 |[39m   [36mreturn[39m {[0m



Import trace:
  Client Component Browser:
    ./node_modules/pg/lib/stream.js [Client 
Component Browser]
    ./node_modules/pg/lib/connection.js 
[Client Component Browser]
    ./node_modules/pg/lib/index.js [Client 
Component Browser]
    ./node_modules/pg/esm/index.mjs [Client 
Component Browser]
    ./lib/prisma.ts [Client Component Browser]
    ./components/NavbarWrapper.tsx [Client 
Component Browser]
    ./app/privacy/page.tsx [Client Component 
Browser]
    ./app/privacy/page.tsx [Server Component]

https://nextjs.org/docs/messages/module-not-fou
nd


./components/NavbarWrapper.tsx
Code generation for chunk item errored
An error occurred while generating the chunk 
item [project]/components/NavbarWrapper.tsx 
[app-client] (ecmascript)

Caused by:
- the chunking context (unknown) does not 
support external modules (request: node:module)

Debug info:
- An error occurred while generating the chunk 
item [project]/components/NavbarWrapper.tsx 
[app-client] (ecmascript)
- Execution of 
<MergedEcmascriptModuleChunkItem as EcmascriptC
hunkItem>::content_with_async_module_info 
failed
- Execution of 
*EcmascriptChunkItemContent::new failed
- Execution of 
EcmascriptModuleContent::new_merged failed
- the chunking context (unknown) does not 
support external modules (request: node:module)

Import traces:
  Server Component:
    ./components/NavbarWrapper.tsx
    ./app/page.tsx

  Client Component Browser:
    ./components/NavbarWrapper.tsx [Client 
Component Browser]
    ./app/privacy/page.tsx [Client Component 
Browser]
    ./app/privacy/page.tsx [Server Component]

  Client Component SSR:
    ./components/NavbarWrapper.tsx [Client 
Component SSR]
    ./app/privacy/page.tsx [Client Component 
SSR]
    ./app/privacy/page.tsx [Server Component]


    at <unknown> 
(./components/NavbarWrapper.tsx:4:1)
    at <unknown> (https://nextjs.org/docs/messa
ges/module-not-found)
    at <unknown> (https://nextjs.org/docs/messa
ges/module-not-found)
    at <unknown> (https://nextjs.org/docs/messa
ges/module-not-found)
    at <unknown> (https://nextjs.org/docs/messa
ges/module-not-found)
    at <unknown> (https://nextjs.org/docs/messa
ges/module-not-found)
    at <unknown> (https://nextjs.org/docs/messa
ges/module-not-found)
