node.exe : FAIL __test
s__/lib/logger.test.ts
Au caractère 
C:\Program Files\nodej
s\npx.ps1:29 : 3
+   & $NODE_EXE 
$NPX_CLI_JS $args
+   ~~~~~~~~~~~~~~~~~~
~~~~~~~~~~~
    + CategoryInfo    
          : NotSpeci  
  fied: (FAIL __tes   
 ts__/lib/logger.t    
est.ts:String) []    
, RemoteException
    + FullyQualifiedE 
   rrorId : NativeCo  
  mmandError
 
  Logger
    error
      ├ù should log 
error messages in 
development (6 ms)
      ├ù should 
format error with 
context (1 ms)
    warn
      ├ù should log 
warning messages
    info
      ├ù should log 
info messages in 
development
    debug
      ├ù should log 
debug messages in 
development

  ÔùÅ Logger ÔÇ║ 
error ÔÇ║ should log 
error messages in 
development

    expect(jest.fn()).
toHaveBeenCalled()

    Expected number 
of calls: >= 1
    Received number 
of calls:    0

      27 |       Objec
t.defineProperty(proce
ss.env, "NODE_ENV", { 
value: "development", 
writable: true });
      28 |       
logger.error("Test 
error", new 
Error("Test"));
    > 29 |       expec
t(mockConsole.error).t
oHaveBeenCalled();
         |            
                     ^
      30 |     });
      31 |
      32 |     
it("should format 
error with context", 
() => {

      at 
Object.<anonymous> (__
tests__/lib/logger.tes
t.ts:29:33)

  ÔùÅ Logger ÔÇ║ 
error ÔÇ║ should 
format error with 
context

    expect(jest.fn()).
toHaveBeenCalledWith(.
..expected)

    Expected: 
StringContaining 
"Test error"

    Number of calls: 0

      33 |       Objec
t.defineProperty(proce
ss.env, "NODE_ENV", { 
value: "development", 
writable: true });
      34 |       
logger.error("Test 
error", undefined, { 
userId: "123" });
    > 35 |       expec
t(mockConsole.error).t
oHaveBeenCalledWith(
         |            
                     ^
      36 |         exp
ect.stringContaining("
Test error")
      37 |       );
      38 |     });

      at 
Object.<anonymous> (__
tests__/lib/logger.tes
t.ts:35:33)

  ÔùÅ Logger ÔÇ║ warn 
ÔÇ║ should log 
warning messages

    expect(jest.fn()).
toHaveBeenCalled()

    Expected number 
of calls: >= 1
    Received number 
of calls:    0

      43 |       Objec
t.defineProperty(proce
ss.env, "NODE_ENV", { 
value: "development", 
writable: true });
      44 |       
logger.warn("Test 
warning", { key: 
"value" });
    > 45 |       expec
t(mockConsole.warn).to
HaveBeenCalled();
         |            
                    ^
      46 |     });
      47 |   });
      48 |

      at 
Object.<anonymous> (__
tests__/lib/logger.tes
t.ts:45:32)

  ÔùÅ Logger ÔÇ║ info 
ÔÇ║ should log info 
messages in 
development

    expect(jest.fn()).
toHaveBeenCalled()

    Expected number 
of calls: >= 1
    Received number 
of calls:    0

      51 |       Objec
t.defineProperty(proce
ss.env, "NODE_ENV", { 
value: "development", 
writable: true });
      52 |       
logger.info("Test 
info");
    > 53 |       expec
t(mockConsole.log).toH
aveBeenCalled();
         |            
                   ^
      54 |     });
      55 |   });
      56 |

      at 
Object.<anonymous> (__
tests__/lib/logger.tes
t.ts:53:31)

  ÔùÅ Logger ÔÇ║ 
debug ÔÇ║ should log 
debug messages in 
development

    expect(jest.fn()).
toHaveBeenCalled()

    Expected number 
of calls: >= 1
    Received number 
of calls:    0

      59 |       Objec
t.defineProperty(proce
ss.env, "NODE_ENV", { 
value: "development", 
writable: true });
      60 |       
logger.debug("Test 
debug");
    > 61 |       expec
t(mockConsole.debug).t
oHaveBeenCalled();
         |            
                     ^
      62 |     });
      63 |   });
      64 | });

      at 
Object.<anonymous> (__
tests__/lib/logger.tes
t.ts:61:33)

Test Suites: 1 
failed, 1 total
Tests:       5 
failed, 5 total
Snapshots:   0 total
Time:        0.5 s, 
estimated 1 s
Ran all test suites 
matching /__tests__\\l
ib\\logger.test.ts/i.
