node.exe : FAIL 
__tests__/lib/profileCompute.test.ts
Au caractère C:\Program Files\nodejs\npx.ps1:29 : 3
+   & $NODE_EXE $NPX_CLI_JS $args
+   ~~~~~~~~~~~~~~~~~~~~~~~~~~~~~
    + CategoryInfo          : NotSpecified: (FAIL  
   __tests__/...Compute.test.ts:String) [], Remot  
  eException
    + FullyQualifiedErrorId : NativeCommandError
 
  computeProfileData
    ├ù should call AI generation for PRO users 
when no cached report exists (4 ms)
    Ôùï skipped should reduce analysis to 10 
matches and fetch from DB if available
    Ôùï skipped should use chunked parallel 
ingestion when fetching from Riot
    Ôùï skipped should fallback to heuristics if 
AI generation fails

  ÔùÅ computeProfileData ÔÇ║ should call AI 
generation for PRO users when no cached report 
exists

    expect(jest.fn()).toHaveBeenCalled()

    Expected number of calls: >= 1
    Received number of calls:    0

    [0m [90m 129 |[39m     [36mconst[39m 
result [33m=[39m [36mawait[39m 
computeProfileData(puuid[33m,[39m { 
skipRiotCheck[33m:[39m [36mtrue[39m 
})[33m;[39m
     [90m 130 |[39m
    [31m[1m>[22m[39m[90m 131 |[39m     expect
(generateProfileReportStrict)[33m.[39mtoHaveBeenC
alled()[33m;[39m
     [90m     |[39m                              
           [31m[1m^[22m[39m
     [90m 132 |[39m     expect(result[33m.[39mp
rofile[33m.[39mplaystyle[33m.[39mdescription)[
33m.[39mtoBe([32m"AI Summary"[39m)[33m;[39m
     [90m 133 |[39m   })[33m;[39m
     [90m 134 |[39m[0m

      at Object.<anonymous> 
(__tests__/lib/profileCompute.test.ts:131:41)

Test Suites: 1 failed, 1 total
Tests:       1 failed, 3 skipped, 4 total
Snapshots:   0 total
Time:        1.304 s, estimated 2 s
Ran all test suites matching 
/__tests__\\lib\\profileCompute.test.ts/i with 
tests matching "should call AI generation for PRO 
users when no cached report exists".
